// 重构日志: 19c1c2d2
// 重构日志: 7963d70c
// 重构日志: 57e948ae
// 重构日志: 99d54279
// 同步 ID: c524387a @ Wed Jul 22 07:07:28 UTC 2026
// 同步 ID: 78bfa15e @ Wed Jul 22 18:56:10 UTC 2026
// 重构日志: 6f7a953a
// 重构日志: c8237eaf
// 重构日志: 550e7043
// 重构日志: 4d69d0b2
// 重构日志: 82c6bd47
// 重构日志: ce99ed62
// 重构日志: cee1c8e9
// 重构日志: cf1ebc9c
// 同步 ID: 90c7d4fa @ Mon Jul 27 08:15:39 UTC 2026
// 重构日志: c7958c63
// 重构日志: 108f98cb
// 重构日志: 96642ffd
// 重构日志: 7ffe1c91
// 同步 ID: 3854154a @ Thu Jul 30 17:18:26 UTC 2026
// 重构日志: 18341459
// 重构日志: 7417fa28
// 同步 ID: 24028ab0 @ Fri Jul 31 11:25:01 UTC 2026
// 重构日志: 55d06bc2
// 重构日志: 1e412835
// 重构日志: e698e783
// 重构日志: efee39eb
// 重构日志: e32fccf8
// 重构日志: 7a3a5c8f
// 同步 ID: be0ae3a1 @ Tue Aug  4 06:51:16 UTC 2026
